[    0.000000] Initializing cgroup subsys cpuset
[    0.000000] Initializing cgroup subsys cpu
[    0.000000] Initializing cgroup subsys cpuacct
[    0.000000] Linux version 4.4.0-203-generic (buildd@lcy01-amd64-027) (gcc version 5.4.0 20160609 (Ubuntu 5.4.0-6ubuntu1~16.04.12) ) #235-Ubuntu SMP Tue Feb 2 02:49:08 UTC 2021 (Ubuntu 4.4.0-203.235-generic 4.4.249)
[    0.000000] Command line: BOOT_IMAGE=/boot/vmlinuz-4.4.0-203-generic root=LABEL=cloudimg-rootfs ro console=tty1 console=ttyS0
[    0.000000] KERNEL supported cpus:
[    0.000000]   Intel GenuineIntel
[    0.000000]   AMD AuthenticAMD
[    0.000000]   Centaur CentaurHauls
[    0.000000] x86/fpu: Legacy x87 FPU detected.
[    0.000000] e820: BIOS-provided physical RAM map:
[    0.000000] BIOS-e820: [mem 0x0000000000000000-0x000000000009fbff] usable
[    0.000000] BIOS-e820: [mem 0x000000000009fc00-0x000000000009ffff] reserved
[    0.000000] BIOS-e820: [mem 0x00000000000f0000-0x00000000000fffff] reserved
[    0.000000] BIOS-e820: [mem 0x0000000000100000-0x000000003ffeffff] usable
[    0.000000] BIOS-e820: [mem 0x000000003fff0000-0x000000003fffffff] ACPI data
[    0.000000] BIOS-e820: [mem 0x00000000fec00000-0x00000000fec00fff] reserved
[    0.000000] BIOS-e820: [mem 0x00000000fee00000-0x00000000fee00fff] reserved
[    0.000000] BIOS-e820: [mem 0x00000000fffc0000-0x00000000ffffffff] reserved
[    0.000000] NX (Execute Disable) protection: active
[    0.000000] SMBIOS 2.5 present.
[    0.000000] Hypervisor detected: KVM
[    0.000000] Kernel/User page tables isolation: disabled
[    0.000000] e820: last_pfn = 0x3fff0 max_arch_pfn = 0x400000000
[    0.000000] MTRR: Disabled
[    0.000000] x86/PAT: MTRRs disabled, skipping PAT initialization too.
[    0.000000] CPU MTRRs all blank - virtualized system.
[    0.000000] x86/PAT: Configuration [0-7]: WB  WT  UC- UC  WB  WT  UC- UC  
[    0.000000] found SMP MP-table at [mem 0x0009fff0-0x0009ffff] mapped at [ffff88000009fff0]
[    0.000000] Scanning 1 areas for low memory corruption
[    0.000000] RAMDISK: [mem 0x362da000-0x37164fff]
[    0.000000] ACPI: Early table checksum verification disabled
[    0.000000] ACPI: RSDP 0x00000000000E0000 000024 (v02 VBOX  )
[    0.000000] ACPI: XSDT 0x000000003FFF0030 00003C (v01 VBOX   VBOXXSDT 00000001 ASL  00000061)
[    0.000000] ACPI: FACP 0x000000003FFF00F0 0000F4 (v04 VBOX   VBOXFACP 00000001 ASL  00000061)
[    0.000000] ACPI: DSDT 0x000000003FFF0470 002325 (v02 VBOX   VBOXBIOS 00000002 INTL 20100528)
[    0.000000] ACPI: FACS 0x000000003FFF0200 000040
[    0.000000] ACPI: FACS 0x000000003FFF0200 000040
[    0.000000] ACPI: APIC 0x000000003FFF0240 00005C (v02 VBOX   VBOXAPIC 00000001 ASL  00000061)
[    0.000000] ACPI: SSDT 0x000000003FFF02A0 0001CC (v01 VBOX   VBOXCPUT 00000002 INTL 20100528)
[    0.000000] No NUMA configuration found
[    0.000000] Faking a node at [mem 0x0000000000000000-0x000000003ffeffff]
[    0.000000] NODE_DATA(0) allocated [mem 0x3ffeb000-0x3ffeffff]
[    0.000000] kvm-clock: Using msrs 4b564d01 and 4b564d00
[    0.000000] kvm-clock: cpu 0, msr 0:3ffe3001, primary cpu clock
[    0.000000] kvm-clock: using sched offset of 4785712434 cycles
[    0.000000] clocksource: kvm-clock: mask: 0xffffffffffffffff max_cycles: 0x1cd42e4dffb, max_idle_ns: 881590591483 ns
[    0.000000] Zone ranges:
[    0.000000]   DMA      [mem 0x0000000000001000-0x0000000000ffffff]
[    0.000000]   DMA32    [mem 0x0000000001000000-0x000000003ffeffff]
[    0.000000]   Normal   empty
[    0.000000]   Device   empty
[    0.000000] Movable zone start for each node
[    0.000000] Early memory node ranges
[    0.000000]   node   0: [mem 0x0000000000001000-0x000000000009efff]
[    0.000000]   node   0: [mem 0x0000000000100000-0x000000003ffeffff]
[    0.000000] Initmem setup node 0 [mem 0x0000000000001000-0x000000003ffeffff]
[    0.000000] ACPI: PM-Timer IO Port: 0x4008
[    0.000000] IOAPIC[0]: apic_id 2, version 32, address 0xfec00000, GSI 0-23
[    0.000000] ACPI: INT_SRC_OVR (bus 0 bus_irq 0 global_irq 2 dfl dfl)
[    0.000000] ACPI: INT_SRC_OVR (bus 0 bus_irq 9 global_irq 9 low level)
[    0.000000] Using ACPI (MADT) for SMP configuration information
[    0.000000] smpboot: Allowing 2 CPUs, 0 hotplug CPUs
[    0.000000] PM: Registered nosave memory: [mem 0x00000000-0x00000fff]
[    0.000000] PM: Registered nosave memory: [mem 0x0009f000-0x0009ffff]
[    0.000000] PM: Registered nosave memory: [mem 0x000a0000-0x000effff]
[    0.000000] PM: Registered nosave memory: [mem 0x000f0000-0x000fffff]
[    0.000000] e820: [mem 0x40000000-0xfebfffff] available for PCI devices
[    0.000000] Booting paravirtualized kernel on KVM
[    0.000000] clocksource: refined-jiffies: mask: 0xffffffff max_cycles: 0xffffffff, max_idle_ns: 7645519600211568 ns
[    0.000000] setup_percpu: NR_CPUS:512 nr_cpumask_bits:512 nr_cpu_ids:2 nr_node_ids:1
[    0.000000] PERCPU: Embedded 33 pages/cpu @ffff88003fc00000 s95640 r8192 d31336 u1048576
[    0.000000] Built 1 zonelists in Node order, mobility grouping on.  Total pages: 257912
[    0.000000] Policy zone: DMA32
[    0.000000] Kernel command line: BOOT_IMAGE=/boot/vmlinuz-4.4.0-203-generic root=LABEL=cloudimg-rootfs ro console=tty1 console=ttyS0
[    0.000000] PID hash table entries: 4096 (order: 3, 32768 bytes)
[    0.000000] Memory: 997648K/1048120K available (8641K kernel code, 1337K rwdata, 4044K rodata, 1496K init, 1296K bss, 50472K reserved, 0K cma-reserved)
[    0.000000] SLUB: HWalign=64, Order=0-3, MinObjects=0, CPUs=2, Nodes=1
[    0.000000] Hierarchical RCU implementation.
[    0.000000] 	Build-time adjustment of leaf fanout to 64.
[    0.000000] 	RCU restricting CPUs from NR_CPUS=512 to nr_cpu_ids=2.
[    0.000000] RCU: Adjusting geometry for rcu_fanout_leaf=64, nr_cpu_ids=2
[    0.000000] NR_IRQS:33024 nr_irqs:440 16
[    0.000000] Console: colour VGA+ 80x25
[    0.000000] console [tty1] enabled
[    0.000000] console [ttyS0] enabled
[    0.000000] tsc: Detected 1190.402 MHz processor
[    0.869611] Calibrating delay loop (skipped) preset value.. 2380.80 BogoMIPS (lpj=4761608)
[    0.878225] pid_max: default: 32768 minimum: 301
[    0.882790] ACPI: Core revision 20150930
[    0.888739] ACPI: 2 ACPI AML tables successfully acquired and loaded
[    0.894544] Security Framework initialized
[    0.897768] Yama: becoming mindful.
[    0.900840] AppArmor: AppArmor initialized
[    0.904278] Dentry cache hash table entries: 131072 (order: 8, 1048576 bytes)
[    0.919385] Inode-cache hash table entries: 65536 (order: 7, 524288 bytes)
[    0.932610] Mount-cache hash table entries: 2048 (order: 2, 16384 bytes)
[    0.942386] Mountpoint-cache hash table entries: 2048 (order: 2, 16384 bytes)
[    0.949787] Initializing cgroup subsys io
[    0.955546] Initializing cgroup subsys memory
[    0.959728] Initializing cgroup subsys devices
[    0.966011] Initializing cgroup subsys freezer
[    0.973022] Initializing cgroup subsys net_cls
[    0.979075] Initializing cgroup subsys perf_event
[    0.985971] Initializing cgroup subsys net_prio
[    0.993617] Initializing cgroup subsys hugetlb
[    0.998856] Initializing cgroup subsys pids
[    1.006176] mce: CPU supports 0 MCE banks
[    1.011439] Last level iTLB entries: 4KB 0, 2MB 0, 4MB 0
[    1.020471] Last level dTLB entries: 4KB 0, 2MB 0, 4MB 0, 1GB 0
[    1.030964] Spectre V1 : Mitigation: usercopy/swapgs barriers and __user pointer sanitization
[    1.041816] Spectre V2 : Mitigation: Enhanced IBRS
[    1.050801] Spectre V2 : Spectre v2 / SpectreRSB mitigation: Filling RSB on context switch
[    1.064523] Speculative Store Bypass: Vulnerable
[    1.072501] MDS: Mitigation: Clear CPU buffers
[    1.122499] Freeing SMP alternatives memory: 36K
[    1.207328] ftrace: allocating 32366 entries in 127 pages
[    2.052799] smpboot: APIC(0) Converting physical 0 to logical package 0
[    2.059414] smpboot: Max logical packages: 1
[    2.081629] ..TIMER: vector=0x30 apic1=0 pin1=2 apic2=-1 pin2=-1
[    2.198067] smpboot: CPU0: Intel(R) Core(TM) i5-1035G1 CPU @ 1.00GHz (family: 0x6, model: 0x7e, stepping: 0x5)
[    2.215907] Performance Events: unsupported p6 CPU model 126 no PMU driver, software events only.
[    2.314199] KVM setup paravirtual spinlock
[    2.328031] x86: Booting SMP configuration:
[    2.332374] .... node  #0, CPUs:      #1
[    2.341561] kvm-clock: cpu 1, msr 0:3ffe3041, secondary cpu clock
[    2.348945] mce: CPU supports 0 MCE banks
[    2.354322] TSC synchronization [CPU#0 -> CPU#1]:
[    2.358492] Measured 21338 cycles TSC warp between CPUs, turning off TSC clock.
[    2.368513] tsc: Marking TSC unstable due to check_tsc_sync_source failed
[    0.573509] x86: Booted up 1 node, 2 CPUs
[    0.576019] smpboot: Total of 2 processors activated (4761.60 BogoMIPS)
[    0.585366] devtmpfs: initialized
[    0.595554] evm: security.selinux
[    0.596022] evm: security.SMACK64
[    0.600010] evm: security.SMACK64EXEC
[    0.604033] evm: security.SMACK64TRANSMUTE
[    0.608009] evm: security.SMACK64MMAP
[    0.612007] evm: security.ima
[    0.616009] evm: security.capability
[    0.620441] clocksource: jiffies: mask: 0xffffffff max_cycles: 0xffffffff, max_idle_ns: 7645041785100000 ns
[    0.624027] futex hash table entries: 512 (order: 3, 32768 bytes)
[    0.628567] pinctrl core: initialized pinctrl subsystem
[    0.632376] RTC time: 16:50:50, date: 03/16/21
[    0.637182] NET: Registered protocol family 16
[    0.652019] cpuidle: using governor ladder
[    0.668024] cpuidle: using governor menu
[    0.672219] PCCT header not found.
[    0.676141] ACPI: bus type PCI registered
[    0.680005] acpiphp: ACPI Hot Plug PCI Controller Driver version: 0.5
[    0.684474] PCI: Using configuration type 1 for base access
[    0.712409] ACPI: Added _OSI(Module Device)
[    0.716015] ACPI: Added _OSI(Processor Device)
[    0.720008] ACPI: Added _OSI(3.0 _SCP Extensions)
[    0.724044] ACPI: Added _OSI(Processor Aggregator Device)
[    0.729521] ACPI: Executed 1 blocks of module-level executable AML code
[    0.750781] ACPI: Interpreter enabled
[    0.752043] ACPI: (supports S0 S5)
[    0.756007] ACPI: Using IOAPIC for interrupt routing
[    0.760396] PCI: Using host bridge windows from ACPI; if necessary, use "pci=nocrs" and report a bug
[    0.777865] ACPI: PCI Root Bridge [PCI0] (domain 0000 [bus 00-ff])
[    0.780026] acpi PNP0A03:00: _OSC: OS supports [ASPM ClockPM Segments MSI]
[    0.784731] acpi PNP0A03:00: _OSC: not requesting OS control; OS requires [ExtendedConfig ASPM ClockPM MSI]
[    0.788027] acpi PNP0A03:00: fail to add MMCONFIG information, can't access extended PCI configuration space under this bridge.
[    0.792860] PCI host bridge to bus 0000:00
[    0.796012] pci_bus 0000:00: root bus resource [io  0x0000-0x0cf7 window]
[    0.800009] pci_bus 0000:00: root bus resource [io  0x0d00-0xffff window]
[    0.804014] pci_bus 0000:00: root bus resource [mem 0x000a0000-0x000bffff window]
[    0.808013] pci_bus 0000:00: root bus resource [mem 0x40000000-0xfdffffff window]
[    0.812012] pci_bus 0000:00: root bus resource [bus 00-ff]
[    0.821020] pci 0000:00:01.1: legacy IDE quirk: reg 0x10: [io  0x01f0-0x01f7]
[    0.824015] pci 0000:00:01.1: legacy IDE quirk: reg 0x14: [io  0x03f6]
[    0.828011] pci 0000:00:01.1: legacy IDE quirk: reg 0x18: [io  0x0170-0x0177]
[    0.832010] pci 0000:00:01.1: legacy IDE quirk: reg 0x1c: [io  0x0376]
[    0.904093] pci 0000:00:07.0: quirk: [io  0x4000-0x403f] claimed by PIIX4 ACPI
[    0.908051] pci 0000:00:07.0: quirk: [io  0x4100-0x410f] claimed by PIIX4 SMB
[    0.924741] ACPI: PCI Interrupt Link [LNKA] (IRQs 5 9 10 *11)
[    0.936518] ACPI: PCI Interrupt Link [LNKB] (IRQs 5 9 *10 11)
[    0.945420] ACPI: PCI Interrupt Link [LNKC] (IRQs 5 *9 10 11)
[    0.952414] ACPI: PCI Interrupt Link [LNKD] (IRQs 5 9 10 *11)
[    0.961244] ACPI: Enabled 2 GPEs in block 00 to 07
[    0.964449] vgaarb: setting as boot device: PCI:0000:00:02.0
[    0.968000] vgaarb: device added: PCI:0000:00:02.0,decodes=io+mem,owns=io+mem,locks=none
[    0.968010] vgaarb: loaded
[    0.972008] vgaarb: bridge control possible 0000:00:02.0
[    0.976653] SCSI subsystem initialized
[    0.980320] ACPI: bus type USB registered
[    0.984039] usbcore: registered new interface driver usbfs
[    0.988068] usbcore: registered new interface driver hub
[    0.992224] usbcore: registered new device driver usb
[    1.000589] PCI: Using ACPI for IRQ routing
[    1.004929] NetLabel: Initializing
[    1.008006] NetLabel:  domain hash size = 128
[    1.012004] NetLabel:  protocols = UNLABELED CIPSOv4
[    1.016031] NetLabel:  unlabeled traffic allowed by default
[    1.020208] amd_nb: Cannot enumerate AMD northbridges
[    1.028012] clocksource: Switched to clocksource kvm-clock
[    1.078450] AppArmor: AppArmor Filesystem Enabled
[    1.081786] pnp: PnP ACPI init
[    1.081786] pnp: PnP ACPI: found 3 devices
[    1.141931] clocksource: acpi_pm: mask: 0xffffff max_cycles: 0xffffff, max_idle_ns: 2085701024 ns
[    1.149779] NET: Registered protocol family 2
[    1.154560] TCP established hash table entries: 8192 (order: 4, 65536 bytes)
[    1.160788] TCP bind hash table entries: 8192 (order: 5, 131072 bytes)
[    1.164504] TCP: Hash tables configured (established 8192 bind 8192)
[    1.164504] UDP hash table entries: 512 (order: 2, 16384 bytes)
[    1.164504] UDP-Lite hash table entries: 512 (order: 2, 16384 bytes)
[    1.164504] NET: Registered protocol family 1
[    1.164504] pci 0000:00:00.0: Limiting direct PCI/PCI transfers
[    1.164504] pci 0000:00:01.0: Activating ISA DMA hang workarounds
[    1.164504] Unpacking initramfs...
[    1.164504] Freeing initrd memory: 14892K
[    1.164504] clocksource: tsc: mask: 0xffffffffffffffff max_cycles: 0x1128b0cf317, max_idle_ns: 440795227453 ns
[    1.164504] platform rtc_cmos: registered platform RTC device (no PNP device found)
[    1.164504] Scanning for low memory corruption every 60 seconds
[    1.772867] audit: initializing netlink subsys (disabled)
[    1.778288] audit: type=2000 audit(1615913456.047:1): initialized
[    1.784435] Initialise system trusted keyring
[    1.790236] HugeTLB registered 2 MB page size, pre-allocated 0 pages
[    1.797869] zbud: loaded
[    1.801784] VFS: Disk quotas dquot_6.6.0
[    1.805692] VFS: Dquot-cache hash table entries: 512 (order 0, 4096 bytes)
[    1.812512] squashfs: version 4.0 (2009/01/31) Phillip Lougher
[    1.818573] fuse init (API version 7.23)
[    1.823089] Key type big_key registered
[    1.826659] Allocating IMA MOK and blacklist keyrings.
[    1.847355] Key type asymmetric registered
[    1.851691] Asymmetric key parser 'x509' registered
[    1.856700] Block layer SCSI generic (bsg) driver version 0.4 loaded (major 249)
[    1.863710] io scheduler noop registered
[    1.868498] io scheduler deadline registered (default)
[    1.872407] io scheduler cfq registered
[    1.877087] pci_hotplug: PCI Hot Plug PCI Core version: 0.5
[    1.883418] pciehp: PCI Express Hot Plug Controller Driver version: 0.4
[    1.892246] ACPI: AC Adapter [AC] (on-line)
[    1.895816] input: Power Button as /devices/LNXSYSTM:00/LNXPWRBN:00/input/input0
[    1.903604] ACPI: Power Button [PWRF]
[    1.907632] input: Sleep Button as /devices/LNXSYSTM:00/LNXSLPBN:00/input/input1
[    1.914664] ACPI: Sleep Button [SLPF]
[    1.919792] GHES: HEST is not enabled!
[    1.921264] ACPI: Battery Slot [BAT0] (battery present)
[    1.929295] Serial: 8250/16550 driver, 32 ports, IRQ sharing enabled
[    1.959189] 00:02: ttyS0 at I/O 0x3f8 (irq = 4, base_baud = 115200) is a 16550A
[    1.986230] Linux agpgart interface v0.103
[    2.009342] loop: module loaded
[    2.014763] scsi host0: ata_piix
[    2.019344] scsi host1: ata_piix
[    2.023937] ata1: PATA max UDMA/33 cmd 0x1f0 ctl 0x3f6 bmdma 0xd000 irq 14
[    2.031257] ata2: PATA max UDMA/33 cmd 0x170 ctl 0x376 bmdma 0xd008 irq 15
[    2.037480] libphy: Fixed MDIO Bus: probed
[    2.041933] tun: Universal TUN/TAP device driver, 1.6
[    2.046064] tun: (C) 1999-2004 Max Krasnyansky <maxk@qualcomm.com>
[    2.052105] PPP generic driver version 2.4.2
[    2.055875] ehci_hcd: USB 2.0 'Enhanced' Host Controller (EHCI) Driver
[    2.061674] ehci-pci: EHCI PCI platform driver
[    2.066489] ehci-platform: EHCI generic platform driver
[    2.070941] ohci_hcd: USB 1.1 'Open' Host Controller (OHCI) Driver
[    2.076664] ohci-pci: OHCI PCI platform driver
[    2.080895] ohci-platform: OHCI generic platform driver
[    2.085608] uhci_hcd: USB Universal Host Controller Interface driver
[    2.090777] i8042: PNP: PS/2 Controller [PNP0303:PS2K,PNP0f03:PS2M] at 0x60,0x64 irq 1,12
[    2.101375] serio: i8042 KBD port at 0x60,0x64 irq 1
[    2.105410] serio: i8042 AUX port at 0x60,0x64 irq 12
[    2.110748] mousedev: PS/2 mouse device common for all mice
[    2.118444] rtc_cmos rtc_cmos: rtc core: registered rtc_cmos as rtc0
[    2.125597] rtc_cmos rtc_cmos: alarms up to one day, 114 bytes nvram
[    2.131439] i2c /dev entries driver
[    2.135437] device-mapper: uevent: version 1.0.3
[    2.139632] device-mapper: ioctl: 4.34.0-ioctl (2015-10-28) initialised: dm-devel@redhat.com
[    2.148829] ledtrig-cpu: registered to indicate activity on CPUs
[    2.155744] input: AT Translated Set 2 keyboard as /devices/platform/i8042/serio0/input/input2
[    2.166603] NET: Registered protocol family 10
[    2.171262] NET: Registered protocol family 17
[    2.175553] Key type dns_resolver registered
[    2.181297] registered taskstats version 1
[    2.183985] Loading compiled-in X.509 certificates
[    2.188530] Loaded X.509 cert 'Build time autogenerated kernel key: c0f1dd89d7e09a1955be4fde7c6f946674683c10'
[    2.197218] zswap: loaded using pool lzo/zbud
[    2.264796] Key type trusted registered
[    2.277164] Key type encrypted registered
[    2.280297] AppArmor: AppArmor sha1 policy hashing enabled
[    2.286234] ima: No TPM chip found, activating TPM-bypass!
[    2.290832] ima: Allocated hash algorithm: sha1
[    2.294759] evm: HMAC attrs: 0x1
[    2.299099]   Magic number: 13:667:843
[    2.305311] rtc_cmos rtc_cmos: setting system clock to 2021-03-16 16:50:52 UTC (1615913452)
[    2.312704] BIOS EDD facility v0.16 2004-Jun-25, 0 devices found
[    2.317040] EDD information not available.
[    2.321903] Freeing unused kernel memory: 1496K
[    2.344121] Write protecting the kernel read-only data: 14336k
[    2.349355] Freeing unused kernel memory: 1588K
[    2.352917] Freeing unused kernel memory: 52K
Loading, please wait...
starting version 229
[    2.384032] random: systemd-udevd: uninitialized urandom read (16 bytes read, 5 bits of entropy available)
[    2.385504] random: udevadm: uninitialized urandom read (16 bytes read, 5 bits of entropy available)
[    2.385530] random: udevadm: uninitialized urandom read (16 bytes read, 5 bits of entropy available)
[    2.401490] random: udevadm: uninitialized urandom read (16 bytes read, 5 bits of entropy available)
[    2.401529] random: udevadm: uninitialized urandom read (16 bytes read, 5 bits of entropy available)
[    2.401724] random: udevadm: uninitialized urandom read (16 bytes read, 5 bits of entropy available)
[    2.401804] random: udevadm: uninitialized urandom read (16 bytes read, 5 bits of entropy available)
[    2.401912] random: udevadm: uninitialized urandom read (16 bytes read, 5 bits of entropy available)
[    2.401956] random: udevadm: uninitialized urandom read (16 bytes read, 5 bits of entropy available)
[    2.402020] random: udevadm: uninitialized urandom read (16 bytes read, 5 bits of entropy available)
[    2.520811] e1000: Intel(R) PRO/1000 Network Driver - version 7.3.21-k8-NAPI
[    2.528661] e1000: Copyright (c) 1999-2006 Intel Corporation.
[    2.543516] Fusion MPT base driver 3.04.20
[    2.547223] Copyright (c) 1999-2008 LSI Corporation
[    2.578898] Fusion MPT SPI Host driver 3.04.20
[    2.805158] input: ImExPS/2 Generic Explorer Mouse as /devices/platform/i8042/serio1/input/input4
[    3.559268] e1000 0000:00:03.0 eth0: (PCI:33MHz:32-bit) 02:6e:7f:8d:d8:76
[    3.566850] e1000 0000:00:03.0 eth0: Intel(R) PRO/1000 Network Connection
[    3.575832] mptbase: ioc0: Initiating bringup
[    3.659187] ioc0: LSI53C1030 A0: Capabilities={Initiator}
[    3.907533] scsi host2: ioc0: LSI53C1030 A0, FwRev=00000000h, Ports=1, MaxQ=256, IRQ=20
[    4.069574] scsi 2:0:0:0: Direct-Access     VBOX     HARDDISK         1.0  PQ: 0 ANSI: 5
[    4.083117] scsi target2:0:0: Beginning Domain Validation
[    4.099456] scsi target2:0:0: Domain Validation skipping write tests
[    4.106345] scsi target2:0:0: Ending Domain Validation
[    4.112767] scsi target2:0:0: asynchronous
[    4.124849] scsi 2:0:1:0: Direct-Access     VBOX     HARDDISK         1.0  PQ: 0 ANSI: 5
[    4.133868] scsi target2:0:1: Beginning Domain Validation
[    4.152507] scsi target2:0:1: Domain Validation skipping write tests
[    4.158313] scsi target2:0:1: Ending Domain Validation
[    4.164867] scsi target2:0:1: asynchronous
[    4.197549] sd 2:0:0:0: Attached scsi generic sg0 type 0
[    4.204177] sd 2:0:0:0: [sda] 83886080 512-byte logical blocks: (42.9 GB/40.0 GiB)
[    4.216329] sd 2:0:1:0: [sdb] 20480 512-byte logical blocks: (10.5 MB/10.0 MiB)
[    4.223346] sd 2:0:1:0: Attached scsi generic sg1 type 0
[    4.230919] sd 2:0:1:0: [sdb] Write Protect is off
[    4.269793] sd 2:0:0:0: [sda] Write Protect is off
[    4.276015] sd 2:0:0:0: [sda] Incomplete mode parameter data
[    4.283186] sd 2:0:0:0: [sda] Assuming drive cache: write through
[    4.291967] sd 2:0:1:0: [sdb] Incomplete mode parameter data
[    4.301005] sd 2:0:1:0: [sdb] Assuming drive cache: write through
[    4.313204]  sda: sda1
[    4.321381] sd 2:0:0:0: [sda] Attached SCSI disk
[    4.336533] sd 2:0:1:0: [sdb] Attached SCSI disk
[    4.853094] e1000 0000:00:08.0 eth1: (PCI:33MHz:32-bit) 08:00:27:b9:f5:51
[    4.862656] e1000 0000:00:08.0 eth1: Intel(R) PRO/1000 Network Connection
[    4.873359] e1000 0000:00:03.0 enp0s3: renamed from eth0
[    4.889346] e1000 0000:00:08.0 enp0s8: renamed from eth1
Begin: Loading essential drivers ... [    6.852329] md: linear personality registered for level -1
[    6.867619] md: multipath personality registered for level -4
[    6.885651] md: raid0 personality registered for level 0
[    6.911456] md: raid1 personality registered for level 1
[  348.887657] INFO: rcu_sched detected stalls on CPUs/tasks:[  348.888258] raid6: sse2x1   gen() 54153293 MB/s

[  348.891530] 
[  348.891530] 	1-...: (3 ticks this GP) idle=4ff/140000000000000/0 softirq=907/908 fqs=3 
[  348.891530] 	(detected by 0, t=85490 jiffies, g=-146, c=-147, q=100)
[  348.891530] Task dump for CPU 1:
[  348.891530] modprobe        R  running task        0   234    220 0x00000008
[  348.891530]  ffff880036d80000 ffff880036d81000 3c217a42b1ba6c1a ffffffff81e13080
[  348.891530]  ffff880036fa16c0 0000000000000000 ffffffffc004c000 ffff88003e3b4780
[  348.891530]  ffff880036c9bd08 ffffffff810021f5 ffffffff818665f8 00000000024000c0
[  348.891530] Call Trace:
[  348.891530]  [<ffffffffc004c000>] ? 0xffffffffc004c000
[  348.891530]  [<ffffffff810021f5>] ? do_one_initcall+0xb5/0x200
[  348.891530]  [<ffffffff818665f8>] ? preempt_schedule_common+0x18/0x30
[  348.891530]  [<ffffffff8186662c>] ? _cond_resched+0x1c/0x30
[  348.891530]  [<ffffffff811fc14a>] ? kmem_cache_alloc_trace+0x8a/0x1f0
[  348.891530]  [<ffffffff811fcd9b>] ? kfree+0xab/0x150
[  348.891530]  [<ffffffff81199ec5>] ? do_init_module+0x5f/0x1cf
[  348.891530]  [<ffffffff81113e5a>] ? load_module+0x16aa/0x1c50
[  348.891530]  [<ffffffff81110350>] ? __symbol_put+0x60/0x60
[  348.891530]  [<ffffffff81225180>] ? kernel_read+0x50/0x80
[  348.891530]  [<ffffffff81114644>] ? SYSC_finit_module+0xb4/0xe0
[  348.891530]  [<ffffffff8111468e>] ? SyS_finit_module+0xe/0x10
[  348.891530]  [<ffffffff8186acdb>] ? entry_SYSCALL_64_fastpath+0x22/0xd0
[  348.891530] rcu_sched kthread starved for 85485 jiffies! g18446744073709551470 c18446744073709551469 f0x0 s3 ->state=0x1
[  349.086436] raid6: sse2x1   xor()  8098 MB/s
[  349.161909] raid6: sse2x2   gen() 12212 MB/s
[  349.247597] raid6: sse2x2   xor()  8645 MB/s
[  349.322250] raid6: sse2x4   gen() 12617 MB/s
[  349.397395] raid6: sse2x4   xor() 11329 MB/s
[  349.401781] raid6: using algorithm sse2x1 gen() 54153293 MB/s
[  349.408770] raid6: .... xor() 8098 MB/s, rmw enabled
[  349.413408] raid6: using ssse3x2 recovery algorithm
[  349.421655] xor: measuring software checksum speed
[  349.464661]    prefetch64-sse: 23624.000 MB/sec
[  349.508724]    generic_sse: 18776.000 MB/sec
[  349.514939] xor: using function: prefetch64-sse (23624.000 MB/sec)
[  349.528960] async_tx: api initialized (async)
[  349.573545] md: raid6 personality registered for level 6
[  349.579706] md: raid5 personality registered for level 5
[  349.585264] md: raid4 personality registered for level 4
[  349.608698] md: raid10 personality registered for level 10
done.
Begin: Running /scripts/init-premount ... done.
Begin: Mounting root file system ... Begin: Running /scripts/local-top ... done.
Begin: Running /scripts/local-premount ... [  349.716169] Btrfs loaded
Scanning for Btrfs filesystems
done.
Warning: fsck not present, so skipping root file system
[  349.803100] EXT4-fs (sda1): INFO: recovery required on readonly filesystem
[  349.810809] EXT4-fs (sda1): write access will be enabled during recovery
[  349.901672] EXT4-fs (sda1): orphan cleanup on readonly fs
[  349.908218] EXT4-fs (sda1): 1 orphan inode deleted
[  349.914539] EXT4-fs (sda1): recovery complete
[  349.924682] EXT4-fs (sda1): mounted filesystem with ordered data mode. Opts: (null)
done.
Begin: Running /scripts/local-bottom ... done.
Begin: Running /scripts/init-bottom ... done.
[  350.167456] systemd[1]: systemd 229 running in system mode. (+PAM +AUDIT +SELINUX +IMA +APPARMOR +SMACK +SYSVINIT +UTMP +LIBCRYPTSETUP +GCRYPT +GNUTLS +ACL +XZ -LZ4 +SECCOMP +BLKID +ELFUTILS +KMOD -IDN)
[  350.183594] systemd[1]: Detected virtualization oracle.
[  350.188929] systemd[1]: Detected architecture x86-64.

Welcome to [1mUbuntu 16.04.7 LTS[0m!

[  350.200590] systemd[1]: Set hostname to <web01>.
[  350.441044] systemd[1]: Set up automount Arbitrary Executable File Formats File System Automount Point.
[[0;32m  OK  [0m] Set up automount Arbitrary Executab...ats File System Automount Point.
[  350.453192] systemd[1]: Reached target User and Group Name Lookups.
[[0;32m  OK  [0m] Reached target User and Group Name Lookups.
[  350.462234] systemd[1]: Listening on Journal Socket (/dev/log).
[[0;32m  OK  [0m] Listening on Journal Socket (/dev/log).
[  350.470855] systemd[1]: Started Trigger resolvconf update for networkd DNS.
[[0;32m  OK  [0m] Started Trigger resolvconf update for networkd DNS.
[  350.479439] systemd[1]: Listening on /dev/initctl Compatibility Named Pipe.
[[0;32m  OK  [0m] Listening on /dev/initctl Compatibility Named Pipe.
[  350.487571] systemd[1]: Reached target Encrypted Volumes.
[[0;32m  OK  [0m] Reached target Encrypted Volumes.
[  350.497124] systemd[1]: Listening on Syslog Socket.
[[0;32m  OK  [0m] Listening on Syslog Socket.
[  350.503912] systemd[1]: Listening on Device-mapper event daemon FIFOs.
[[0;32m  OK  [0m] Listening on Device-mapper event daemon FIFOs.
[  350.513072] systemd[1]: Listening on LVM2 poll daemon socket.
[[0;32m  OK  [0m] Listening on LVM2 poll daemon socket.
[  350.521624] systemd[1]: Listening on LVM2 metadata daemon socket.
[[0;32m  OK  [0m] Listening on LVM2 metadata daemon socket.
[  350.529620] systemd[1]: Listening on Journal Audit Socket.
[[0;32m  OK  [0m] Listening on Journal Audit Socket.
[  350.536569] systemd[1]: Listening on udev Control Socket.
[[0;32m  OK  [0m] Listening on udev Control Socket.
[  350.546926] systemd[1]: Created slice System Slice.
[[0;32m  OK  [0m] Created slice System Slice.
[  350.561373] systemd[1]: Created slice system-serial\x2dgetty.slice.
[[0;32m  OK  [0m] Created slice system-serial\x2dgetty.slice.
[  350.573958] systemd[1]: Listening on udev Kernel Socket.
[[0;32m  OK  [0m] Listening on udev Kernel Socket.
[  350.584252] systemd[1]: Created slice User and Session Slice.
[[0;32m  OK  [0m] Created slice User and Session Slice.
[  350.592703] systemd[1]: Reached target System Time Synchronized.
[[0;32m  OK  [0m] Reached target System Time Synchronized.
[  350.603910] systemd[1]: Started Forward Password Requests to Wall Directory Watch.
[[0;32m  OK  [0m] Started Forward Password Requests to Wall Directory Watch.
[  350.619519] systemd[1]: Listening on Journal Socket.
[[0;32m  OK  [0m] Listening on Journal Socket.
[  350.644791] systemd[1]: Starting Create list of required static device nodes for the current kernel...
         Starting Create list of required st... nodes for the current kernel...
[  350.666385] systemd[1]: Starting Nameserver information manager...
         Starting Nameserver information manager...
[  350.678225] systemd[1]: Mounting Debug File System...
         Mounting Debug File System...
[  350.689756] systemd[1]: Starting Set console keymap...
         Starting Set console keymap...
[  350.702416] systemd[1]: Starting Remount Root and Kernel File Systems...
         Starting Remount Root and Kernel File Systems...
[  350.725980] systemd[1]: Starting Uncomplicated firewall...
         Starting Uncomplicated firewall...
[  350.735334] systemd[1]: Starting Journal Service...
[  350.736843] EXT4-fs (sda1): re-mounted. Opts: (null)
         Starting Journal Service...
[  350.754196] systemd[1]: Starting Monitoring of LVM2 mirrors, snapshots etc. using dmeventd or progress polling...
         Starting Monitoring of LVM2 mirrors... dmeventd or progress polling...
[  350.781451] systemd[1]: Mounting POSIX Message Queue File System...
         Mounting POSIX Message Queue File System...
[  350.797089] systemd[1]: Mounting Huge Pages File System...
         Mounting Huge Pages File System...
[  350.817181] systemd[1]: Starting Load Kernel Modules...
         Starting Load Kernel Modules...
[  350.832751] systemd[1]: Reached target Slices.
[[0;32m  OK  [0m] Reached target Slices.
[  350.842986] systemd[1]: Reached target Swap.
[[0;32m  OK  [0m] Reached target Swap.
[  350.857253] Loading iSCSI transport class v2.0-870.
[  350.878161] iscsi: registered transport (tcp)
[  350.884322] systemd[1]: Mounted Debug File System.
[[0;32m  OK  [0m] Mounted Debug File System.
[  350.894566] systemd[1]: Mounted POSIX Message Queue File System.
[  350.901196] random: nonblocking pool is initialized
[[0;32m  OK  [0m] Mounted POSIX Message Queue File System.
[  350.909805] systemd[1]: Mounted Huge Pages File System.
[[0;32m  OK  [0m] Mounted Huge Pages File System.
[  350.918477] systemd[1]: Started Journal Service.
[[0;32m  OK  [0m] Started Journal Service.
[[0;32m  OK  [0m] Started Create list of required sta...ce nodes for the current kernel.
[[0;32m  OK  [0m] Started Set console keymap.
[[0;32m  OK  [0m] Started Remount Root and Kernel File Systems.
[[0;32m  OK  [0m] Started Uncomplicated firewall.
[[0;32m  OK  [0m] Started Nameserver information manager.
[  351.001973] iscsi: registered transport (iser)
[[0;32m  OK  [0m] Started LVM2 metadata daemon.
         Starting udev Coldplug all Devices...
         Starting Load/Save Random Seed...
         Starting Create Static Device Nodes in /dev...
         Starting Flush Journal to Persistent Storage...
[[0;32m  OK  [0m] Started Load Kernel Modules.
[[0;32m  OK  [0m] Started Load/Save Random Seed.
[[0;32m  OK  [0m] Started Create Static Device Nodes in /dev.
         Starting udev Kernel Device Manager...
         Starting Apply Kernel Variables...
         Mounting FUSE Control File System...
[[0;32m  OK  [0m] Mounted FUSE Control File System.
[[0;32m  OK  [0m] Started udev Coldplug all Devices.
[  351.186939] systemd-journald[380]: Received request to flush runtime journal from PID 1
[[0;32m  OK  [0m] Started Apply Kernel Variables.
[[0;32m  OK  [0m] Started Flush Journal to Persistent Storage.
[[0;32m  OK  [0m] Started udev Kernel Device Manager.
[[0;32m  OK  [0m] Started Dispatch Password Requests to Console Directory Watch.
[[0;32m  OK  [0m] Started Monitoring of LVM2 mirrors,...ng dmeventd or progress polling.
[[0;32m  OK  [0m] Reached target Local File Systems (Pre).
         Mounting /vagrant...
[[0;32m  OK  [0m] Reached target Local File Systems.
         Starting Tell Plymouth To Write Out Runtime Data...
         Starting Set console font and keymap...
         Starting Create Volatile Files and Directories...
         Starting Initial cloud-init job (pre-networking)...
         Starting LSB: AppArmor initialization...
[[0;1;31mFAILED[0m] Failed to mount /vagrant.
See 'systemctl status vagrant.mount' for details.
[[0;32m  OK  [0m] Started Tell Plymouth To Write Out Runtime Data.
[[0;32m  OK  [0m] Started Create Volatile Files and Directories.
         Starting Update UTMP about System Boot/Shutdown...
[[0;32m  OK  [0m] Started Update UTMP about System Boot/Shutdown.
[[0;32m  OK  [0m] Found device /dev/ttyS0.
[[0;32m  OK  [0m] Started LSB: AppArmor initialization.
[[0;32m  OK  [0m] Listening on Load/Save RF Kill Switch Status /dev/rfkill Watch.
         Starting Load AppArmor profiles managed internally by snapd...
[[0;32m  OK  [0m] Started Load AppArmor profiles managed internally by snapd.
[  353.716774] cloud-init[487]: Cloud-init v. 20.4.1-0ubuntu1~16.04.1 running 'init-local' at Tue, 16 Mar 2021 16:56:43 +0000. Up 353.23 seconds.
[[0;32m  OK  [0m] Found device 82540EM Gigabit Ethern...r (PRO/1000 MT Desktop Adapter).
[[0;32m  OK  [0m] Found device 82540EM Gigabit Ethern...r (PRO/1000 MT Desktop Adapter).
[[0;32m  OK  [0m] Started Initial cloud-init job (pre-networking).
[[0;32m  OK  [0m] Reached target Network (Pre).
[[0;32m  OK  [0m] Started ifup for enp0s8.
         Starting Raise network interfaces...
[[0;32m  OK  [0m] Started ifup for enp0s3.
[[0;32m  OK  [0m] Started Set console font and keymap.
[[0;32m  OK  [0m] Created slice system-getty.slice.
[[0;32m  OK  [0m] Started Raise network interfaces.
[[0;32m  OK  [0m] Reached target Network.
         Starting Initial cloud-init job (metadata service crawler)...
[  355.933862] cloud-init[1062]: Cloud-init v. 20.4.1-0ubuntu1~16.04.1 running 'init' at Tue, 16 Mar 2021 16:56:45 +0000. Up 355.56 seconds.
[  355.954346] cloud-init[1062]: ci-info: ++++++++++++++++++++++++++++++++++++++Net device info+++++++++++++++++++++++++++++++++++++++
[  355.975057] cloud-init[1062]: ci-info: +--------+------+-----------------------------+---------------+--------+-------------------+
[  355.992853] cloud-init[1062]: ci-info: | Device |  Up  |           Address           |      Mask     | Scope  |     Hw-Address    |
[  356.002744] cloud-init[1062]: ci-info: +--------+------+-----------------------------+---------------+--------+-------------------+[[0;32m  OK  [0m] Started Initial cloud-init job (metadata service crawler).

[  356.021920] cloud-init[1062]: ci-info: | enp0s3 | True |          10.0.2.15          | 255.255.255.0 | global | 02:6e:7f:8d:d8:76 |
[  356.024665] cloud-init[1062]: ci-info: | enp0s3 | True |  fe80::6e:7fff:fe8d:d876/64 |       .       |  link  | 02:6e:7f:8d:d8:76 |
[  356.025366] cloud-init[1062]: ci-info: | enp0s8 | True |        192.168.33.11        | 255.255.255.0 | global | 08:00:27:b9:f5:51 |
[  356.026078] cloud-init[1062]: ci-info: | enp0s8 | True | fe80::a00:27ff:feb9:f551/64 |       .       |  link  | 08:00:27:b9:f5:51 |
[  356.026848] cloud-init[1062]: ci-info: |   lo   | True |          127.0.0.1          |   255.0.0.0   |  host  |         .         |
[  356.027657] cloud-init[1062]: ci-info: |   lo   | True |           ::1/128           |       .       |  host  |         .         |
[  356.029368] cloud-init[1062]: ci-info: +--------+------+-----------------------------+---------------+--------+-------------------+
[  356.030183] cloud-init[1062]: ci-info: ++++++++++++++++++++++++++++Route IPv4 info++++++++++++++++++++++++++++
[  356.030917] cloud-init[1062]: ci-info: +-------+--------------+----------+---------------+-----------+-------+
[  356.031726] cloud-init[1062]: ci-info: | Route | Destination  | Gateway  |    Genmask    | Interface | Flags |
[  356.033504] cloud-init[1062]: ci-info: +-------+--------------+----------+---------------+-----------+-------+
[  356.034285] cloud-init[1062]: ci-info: |   0   |   0.0.0.0    | 10.0.2.2 |    0.0.0.0    |   enp0s3  |   UG  |
[  356.035094] cloud-init[1062]: ci-info: |   1   |   10.0.2.0   | 0.0.0.0  | 255.255.255.0 |   enp0s3  |   U   |
[  356.035831] cloud-init[1062]: ci-info: |   2   | 192.168.33.0 | 0.0.0.0  | 255.255.255.0 |   enp0s8  |   U   |
[  356.037448] cloud-init[1062]: ci-info: +-------+--------------+----------+---------------+-----------+-------+
[  356.038186] cloud-init[1062]: ci-info: +++++++++++++++++++Route IPv6 info+++++++++++++++++++
[  356.039675] cloud-init[1062]: ci-info: +-------+-------------+---------+-----------+-------+
[  356.041418] cloud-init[1062]: ci-info: | Route | Destination | Gateway | Interface | Flags |
[  356.042186] cloud-init[1062]: ci-info: +-------+-------------+---------+-----------+-------+
[  356.042979] cloud-init[1062]: ci-info: |   0   |  fe80::/64  |    ::   |   enp0s8  |   U   |
[  356.043800] cloud-init[1062]: ci-info: |   1   |  fe80::/64  |    ::   |   enp0s3  |   U   |
[  356.045532] cloud-init[1062]: ci-info: |   4   |   ff00::/8  |    ::   |   enp0s8  |   U   |
[  356.046324] cloud-init[1062]: ci-info: |   5   |   ff00::/8  |    ::   |   enp0s3  |   U   |
[  356.047088] cloud-init[1062]: ci-info: +-------+-------------+---------+-----------+-------+
[[0;32m  OK  [0m] Reached target Network is Online.
         Starting iSCSI initiator daemon (iscsid)...
[[0;32m  OK  [0m] Reached target System Initialization.
[[0;32m  OK  [0m] Started Daily Cleanup of Temporary Directories.
[[0;32m  OK  [0m] Started Daily apt download activities.
[[0;32m  OK  [0m] Started Message of the Day.
         Starting LXD - unix socket.
[[0;32m  OK  [0m] Started Daily apt upgrade and clean activities.
[[0;32m  OK  [0m] Reached target Timers.
[[0;32m  OK  [0m] Listening on ACPID Listen Socket.
[[0;32m  OK  [0m] Listening on D-Bus System Message Bus Socket.
[[0;32m  OK  [0m] Listening on UUID daemon activation socket.
[[0;32m  OK  [0m] Started ACPI Events Check.
[[0;32m  OK  [0m] Reached target Paths.
         Starting Socket activation for snappy daemon.
[[0;32m  OK  [0m] Reached target Cloud-config availability.
[[0;32m  OK  [0m] Listening on LXD - unix socket.
[[0;32m  OK  [0m] Listening on Socket activation for snappy daemon.
[[0;32m  OK  [0m] Started iSCSI initiator daemon (iscsid).
         Starting Login to default iSCSI targets...
[[0;32m  OK  [0m] Reached target Sockets.
[[0;32m  OK  [0m] Reached target Basic System.
         Starting System Logging Service...
         Starting Virtualbox guest utils...
[[0;32m  OK  [0m] Started Deferred execution scheduler.
         Starting /etc/rc.local Compatibility...
[[0;32m  OK  [0m] Started FUSE filesystem for LXC.
         Starting Login Service...
[[0;32m  OK  [0m] Started ACPI event daemon.
         Starting Accounts Service...
[[0;32m  OK  [0m] Started Regular background program processing daemon.
         Starting OpenBSD Secure Shell server...
         Starting Message of the Day...
         Starting LSB: Record successful boot for GRUB...
         Starting LSB: MD monitoring daemon...
         Starting Snap Daemon...
[[0;32m  OK  [0m] Started D-Bus System Message Bus.
         Starting LXD - container startup/shutdown...
[[0;32m  OK  [0m] Started System Logging Service.
[[0;32m  OK  [0m] Started /etc/rc.local Compatibility.
[[0;32m  OK  [0m] Started Message of the Day.
[[0;32m  OK  [0m] Started OpenBSD Secure Shell server.
         Starting Authenticate and Authorize Users to Run Privileged Tasks...
[[0;32m  OK  [0m] Started LSB: Record successful boot for GRUB.
[[0;32m  OK  [0m] Started LSB: MD monitoring daemon.
[[0;32m  OK  [0m] Started Login to default iSCSI targets.
[[0;32m  OK  [0m] Started Login Service.
[[0;32m  OK  [0m] Started Unattended Upgrades Shutdown.
[[0;32m  OK  [0m] Reached target Remote File Systems (Pre).
[[0;32m  OK  [0m] Reached target Remote File Systems.
         Starting LSB: Set the CPU Frequency Scaling governor to "ondemand"...
         Starting LSB: daemon to balance interrupts for SMP systems...
         Starting LSB: automatic crash report generation...
         Starting Permit User Sessions...
[[0;32m  OK  [0m] Started Permit User Sessions.
         Starting Hold until boot process finishes up...
         Starting Terminate Plymouth Boot Screen...
[[0;32m  OK  [0m] Started Hold until boot process finishes up.
         Starting Set console scheme...
[[0;32m  OK  [0m] Started Getty on tty1.
[[0;32m  OK  [0m] Started Serial Getty on ttyS0.
[[0;32m  OK  [0m] Reached target Login Prompts.
[[0;32m  OK  [0m] Started Terminate Plymouth Boot Screen.
[[0;32m  OK  [0m] Started Authenticate and Authorize Users to Run Privileged Tasks.
[[0;32m  OK  [0m] Started Set console scheme.
[[0;32m  OK  [0m] Started Accounts Service.
[[0;32m  OK  [0m] Started LSB: Set the CPU Frequency Scaling governor to "ondemand".
[[0;32m  OK  [0m] Started LXD - container startup/shutdown.
[[0;32m  OK  [0m] Started LSB: daemon to balance interrupts for SMP systems.
[[0;32m  OK  [0m] Started LSB: automatic crash report generation.
[[0;32m  OK  [0m] Started Virtualbox guest utils.
[[0;32m  OK  [0m] Started Snap Daemon.
         Starting Wait until snapd is fully seeded...
[[0;32m  OK  [0m] Started Wait until snapd is fully seeded.
[[0;32m  OK  [0m] Reached target Multi-User System.
[[0;32m  OK  [0m] Reached target Graphical Interface.
         Starting Update UTMP about System Runlevel Changes...
         Starting Apply the settings specified in cloud-config...
[[0;32m  OK  [0m] Started Update UTMP about System Runlevel Changes.
[  358.203647] cloud-init[1321]: Cloud-init v. 20.4.1-0ubuntu1~16.04.1 running 'modules:config' at Tue, 16 Mar 2021 16:56:48 +0000. Up 358.10 seconds.
[[0;32m  OK  [0m] Started Apply the settings specified in cloud-config.
         Starting Execute cloud user/final scripts...
[  358.633218] cloud-init[1332]: Cloud-init v. 20.4.1-0ubuntu1~16.04.1 running 'modules:final' at Tue, 16 Mar 2021 16:56:48 +0000. Up 358.54 seconds.
[  358.639172] cloud-init[1332]: Cloud-init v. 20.4.1-0ubuntu1~16.04.1 finished at Tue, 16 Mar 2021 16:56:48 +0000. Datasource DataSourceNoCloud [seed=/dev/sdb][dsmode=net].  Up 358.62 seconds
[[0;32m  OK  [0m] Started Execute cloud user/final scripts.
[[0;32m  OK  [0m] Reached target Cloud-init target.
         Starting Daily apt download activities...

Ubuntu 16.04.7 LTS web01 ttyS0

web01 login: 